node : Debugger listening on ws://127.0.0.1:49839
/15bf77be-ed95-4951-89af-808e8d696984
At line:1 char:1
+ node test-image-gen.js > test_output.log 2>&1; 
Get-Content test_outpu ...
+ ~~~~~~~~~~~~~~~~~~~~~~~~~~~~~~~~~~~~~~~~~~~~~
    + CategoryInfo          : NotSpecified: (Deb 
   ugger listen...af-808e8d696984:String) [], R  
  emoteException
    + FullyQualifiedErrorId : NativeCommandError
 
For help, see: 
https://nodejs.org/en/docs/inspector
Debugger attached.
≡ƒôí MongoDB Connected: cluster0-shard-00-00.wk9jd.mongodb.net
Testing image generation with Imagen 4.0...
≡ƒÄ¿ Generating image with prompt: A Cyberpunk city with neon lights, high contrast, cinematic lighting. Style: Grand Theft Auto V digital art style, high contrast, saturated colors, bold outlines, cinematic lighting, Rockstar Games aesthetic, loading screen art style. Ensure high quality, 4k resolution, and character consistency.
≡ƒôí Calling Gemini Imagen API: https://generativelanguage.googleapis.com/v1beta/models/imagen-4.0-generate-001:predict?key=AIzaSyBNUAZ_mJUajOTv3WTgyXqgnk0UqMvOJFo
Image Generation API Error Detailed: {
  "error": {
    "code": 400,
    "message": "Imagen API is only accessible to 
billed users at this time.",
    "status": "INVALID_ARGUMENT"
  }
}
Gemini Imagen failed, trying fallback 
(Pollinations.ai): Imagen API is only accessible 
to billed users at this time.
All image generation methods failed: 
ReferenceError: refinedPrompt is not defined
    at ImageGenService.generateImage (file:///D:/
AI%20Agent%20Project/some-bots/alice/services/ima
geGenService.js:107:59)
    at process.processTicksAndRejections 
(node:internal/process/task_queues:105:5)
    at async testImageGen (file:///D:/AI%20Agent%
20Project/some-bots/alice/test-image-gen.js:16:21
)
Γ¥î Failed: Kh├┤ng thß╗â tß║ío h├¼nh ß║únh. Vui 
l├▓ng kiß╗âm tra lß║íi API key hoß║╖c thß╗¡ 
lß║íi sau.
Waiting for the debugger to disconnect...
